// Jest Snapshot v1, https://goo.gl/fbAQLP

exports[`The login page Log in renderer as expected 1`] = `
<div
  className="cards cards-container"
>
  <form
    onSubmit={[Function]}
  >
    <div
      className="form-elemt"
    >
      <label
        htmlFor="username"
      >
        Username
      </label>
      <div>
        <input
          className="form-input"
          name="username"
          onBlur={[Function]}
          onChange={[Function]}
          type="text"
          value=""
        />
      </div>
    </div>
    <div
      className="form-elemt"
    >
      <label
        htmlFor="password"
      >
        Password
      </label>
      <div>
        <input
          className="form-input"
          name="password"
          onBlur={[Function]}
          onChange={[Function]}
          type="password"
          value=""
        />
      </div>
    </div>
    <div
      className="form-elemt"
    >
      <button
        className="button"
        disabled={false}
        style={
          Object {
            "cursor": "pointer",
          }
        }
      >
        <span>
          Sign In
        </span>
      </button>
    </div>
    
    <button
      disabled={true}
      style={
        Object {
          "display": "none",
        }
      }
    />
  </form>
  <div
    style={
      Object {
        "cursor": "pointer",
        "fontSize": "11px",
        "textAlign": "right",
      }
    }
  >
    <a
      href="!#"
      style={
        Object {
          "color": "#fff",
        }
      }
    >
      Register
    </a>
  </div>
</div>
`;
